// Jest Snapshot v1, https://goo.gl/fbAQLP

exports[`Checkbox renders checkbox 1`] = `<DocumentFragment />`;
