// Jest Snapshot v1, https://goo.gl/fbAQLP

exports[`Radio group renders correctly 1`] = `
<DocumentFragment>
  <div
    class="radio-group__Wrapper-sc-15twc87-0 bgTDsX"
    data-testid="radio-group"
  >
    <label
      class="radio-group__Label-sc-15twc87-1 cZnlzg radio-button"
    >
      Item 1
    </label>
    <label
      class="radio-group__Label-sc-15twc87-1 cZnlzg radio-button"
    >
      Item 2
    </label>
    <label
      class="radio-group__Label-sc-15twc87-1 cZnlzg radio-button"
    >
      Item 3
    </label>
    <label
      class="radio-group__Label-sc-15twc87-1 cfZFEP radio-button"
    >
      Item 4
    </label>
  </div>
</DocumentFragment>
`;
