// Jest Snapshot v1, https://goo.gl/fbAQLP

exports[`Button renders button 1`] = `
<DocumentFragment>
  <button
    class="button__StyledButton-sc-1o82sov-0 eNCDSg tm-button- "
    type="button"
  >
    <span
      style="vertical-align: middle; margin-left: 0px;"
    >
      Test
    </span>
  </button>
</DocumentFragment>
`;
