// Jest Snapshot v1, https://goo.gl/fbAQLP

exports[`Button renders correctly 1`] = `
.c0 {
  font-size: 16px;
  font-weight: 500;
  cursor: pointer;
  text-align: center;
  line-height: 1.25;
  padding: 14px 24px;
  display: inline-block;
  background: #00a465;
  border-radius: 4px;
  border: 1px solid transparent;
  color: #fff;
  -webkit-user-select: none;
  -moz-user-select: none;
  -ms-user-select: none;
  -webkit-user-select: none;
  -moz-user-select: none;
  -ms-user-select: none;
  user-select: none;
  touch-action: manipulation;
  padding: 10px 16px;
}

.c0:hover {
  background: #0fb877;
}

.c0:active {
  color: #fff;
  background: #078a58;
}

<button
  className="c0 tm-button- "
  disabled={false}
  onClick={[Function]}
  size="sm"
  type="button"
>
  <span
    style={
      Object {
        "marginLeft": "0px",
        "verticalAlign": "middle",
      }
    }
  >
    Test 
  </span>
</button>
`;
