// Jest Snapshot v1, https://goo.gl/fbAQLP

exports[`collapse renders correctly 1`] = `
<DocumentFragment>
  <div
    class="collapse__CollapseWrap-sc-1gbzbz3-0 jScgZA"
  >
    <div
      class="tm-panel"
    >
      <div
        class="collapse__Header-sc-1gbzbz3-2 bIOJjx tm-panel-header"
        data-testid="tm-panel-header"
      >
        <div
          style="display: inline-flex;"
        >
          <span>
            Panel Header 1
          </span>
        </div>
        <div
          style="display: inline-flex;"
        >
          <i
            class="collapse__StyledEL-sc-1gbzbz3-1 gWQSeT"
          >
            <svg
              height="24"
              viewBox="0 0 24 24"
              width="24"
              xmlns="http://www.w3.org/2000/svg"
            >
              <path
                d="M16.59 8.59L12 13.17 7.41 8.59 6 10l6 6 6-6z"
                fill="#a1a6a7"
              />
              <path
                d="M0 0h24v24H0z"
                fill="none"
              />
            </svg>
          </i>
        </div>
      </div>
    </div>
    <div
      class="tm-panel"
    >
      <div
        class="collapse__Header-sc-1gbzbz3-2 bIOJjx tm-panel-header"
        data-testid="tm-panel-header"
      >
        <div
          style="display: inline-flex;"
        >
          <span>
            Panel Header 2
          </span>
        </div>
        <div
          style="display: inline-flex;"
        >
          <i
            class="collapse__StyledEL-sc-1gbzbz3-1 gWQSeT"
          >
            <svg
              height="24"
              viewBox="0 0 24 24"
              width="24"
              xmlns="http://www.w3.org/2000/svg"
            >
              <path
                d="M12 8l-6 6 1.41 1.41L12 10.83l4.59 4.58L18 14z"
                fill="#a1a6a7"
              />
              <path
                d="M0 0h24v24H0z"
                fill="none"
              />
            </svg>
          </i>
        </div>
      </div>
      <div
        class="collapse__Body-sc-1gbzbz3-3 diwbzO tm-collapse-body"
        data-testid="tm-collapse-body"
      >
        Some content
      </div>
    </div>
    <div
      class="tm-panel"
    >
      <div
        class="collapse__Header-sc-1gbzbz3-2 fbesdd tm-panel-header"
        data-testid="tm-panel-header"
        disabled=""
      >
        <div
          style="display: inline-flex;"
        >
          <span>
            Panel Header 3
          </span>
        </div>
        <div
          style="display: inline-flex;"
        >
          <i
            class="collapse__StyledEL-sc-1gbzbz3-1 gWQSeT"
          >
            <svg
              height="24"
              viewBox="0 0 24 24"
              width="24"
              xmlns="http://www.w3.org/2000/svg"
            >
              <path
                d="M16.59 8.59L12 13.17 7.41 8.59 6 10l6 6 6-6z"
                fill="#a1a6a7"
              />
              <path
                d="M0 0h24v24H0z"
                fill="none"
              />
            </svg>
          </i>
        </div>
      </div>
    </div>
  </div>
</DocumentFragment>
`;
