// Jest Snapshot v1, https://goo.gl/fbAQLP

exports[`chip renders correctly 1`] = `
<DocumentFragment>
  <span
    class="chip__Wrapper-icu7z7-0 gyQtLo"
  >
    <span
      class="chip__Text-icu7z7-1 bAmdaL"
    >
      November
    </span>
  </span>
</DocumentFragment>
`;
