// Jest Snapshot v1, https://goo.gl/fbAQLP

exports[`Card renders correctly 1`] = `
<DocumentFragment>
  <div
    class="card__Wrapper-sc-1au9sup-0 iufszp"
    style="width: 300px;"
  >
    <div
      class="card__Header-sc-1au9sup-1 kziSce"
    >
      <div
        class="card__HeadWrapper-sc-1au9sup-2 fYAPjq"
      >
        <div
          class="card__Title-sc-1au9sup-3 hyrFKT"
        >
          Default size card
        </div>
        <div
          class="card__Extra-sc-1au9sup-4 szDyR"
        >
          <a
            href="#"
          >
            More
          </a>
        </div>
      </div>
    </div>
    <div
      class="card__Body-sc-1au9sup-5 fueqQ"
    >
      <p>
        Card content
      </p>
      <p>
        Card content
      </p>
      <p>
        Card content
      </p>
    </div>
  </div>
</DocumentFragment>
`;
