// Jest Snapshot v1, https://goo.gl/fbAQLP

exports[`Input tests renders correcty 1`] = `
<DocumentFragment>
  <div
    class="input__StyledWrapper-sc-1afloio-0 bQextU"
  >
    <div
      class="input__StyledLabel-sc-1afloio-1 kZzwwB"
    >
      <label />
    </div>
    <input
      aria-label="tm-input"
      class="input__StyledInput-sc-1afloio-2 jEqpru"
      placeholder="Test input"
      type="text"
      value=""
    />
  </div>
</DocumentFragment>
`;
