// Jest Snapshot v1, https://goo.gl/fbAQLP

exports[`Confirm Modal Snapshot 1`] = `<DocumentFragment />`;

exports[`Dialog Snapshot 1`] = `<DocumentFragment />`;
