// Jest Snapshot v1, https://goo.gl/fbAQLP

exports[`Dropdown test suite Dropdown snapshot 1`] = `
<DocumentFragment>
  <div
    class="dropdown__DropdownWrapper-sc-4mjgs1-0 jNYjVA"
    data-testid="dropdown"
  >
    <ul
      class="dropdown__List-sc-4mjgs1-1 dWFdKM"
    >
      <li
        class="dropdown__StyledOption-sc-4mjgs1-2 iFCPBi"
        value="item1"
      >
        Item 1
      </li>
      <li
        class="dropdown__StyledOption-sc-4mjgs1-2 iFCPBi"
        value="item2"
      >
        Item 2
      </li>
    </ul>
  </div>
</DocumentFragment>
`;

exports[`Select test suites Select snapshot 1`] = `
<DocumentFragment>
  <div
    class="select__SelectWrapper-sc-1trodvu-0 jtVoAg"
    tabindex="0"
  >
    <div
      class="select__StyledSelectCTA-sc-1trodvu-1 bFMGxn"
    >
      <span
        style="color: rgb(232, 232, 232);"
      />
      <svg
        fill="#6c7375"
        height="24"
        viewBox="0 0 24 24"
        width="24"
      >
        <path
          d="M7.41 8.59L12 13.17l4.59-4.58L18 10l-6 6-6-6 1.41-1.41z"
        />
        <path
          d="M0 0h24v24H0V0z"
          fill="none"
        />
      </svg>
    </div>
  </div>
</DocumentFragment>
`;
