// Jest Snapshot v1, https://goo.gl/fbAQLP

exports[`Typeahead tests renders correctly 1`] = `
<DocumentFragment>
  <div
    class="select__SelectWrapper-sc-1trodvu-0 jtVoAg"
    tabindex="0"
  >
    <div
      class="select__StyledSelectCTA-sc-1trodvu-1 bFMGxn"
    >
      <span>
        some value
      </span>
    </div>
    <div
      class="dropdown__DropdownWrapper-sc-4mjgs1-0 jNYjVA"
      data-testid="dropdown"
    >
      <ul
        class="dropdown__List-sc-4mjgs1-1 dWFdKM"
      >
        <li
          class="dropdown__StyledOption-sc-4mjgs1-2 iFCPBi"
          value="1"
        >
          Item 1
        </li>
        <li
          class="dropdown__StyledOption-sc-4mjgs1-2 iFCPBi"
          value="2"
        >
          Item 2
        </li>
      </ul>
    </div>
  </div>
</DocumentFragment>
`;
